// Jest Snapshot v1, https://goo.gl/fbAQLP

exports[`Settings should render correctly to match snapshot 1`] = `
<div>
  <div
    class="css-15oslce"
  >
    <div
      class="css-6dt6sw"
    >
      <div
        class="css-zabtdd"
      >
        <button
          class="chakra-button css-1ghm5ba"
          disabled=""
          type="button"
        >
          <svg
            fill="none"
            height="16"
            stroke="currentColor"
            stroke-linecap="round"
            stroke-linejoin="round"
            stroke-width="2.5"
            style="opacity: 0.25;"
            viewBox="0 0 24 24"
            width="16"
          >
            <polyline
              points="15 18 9 12 15 6"
            />
          </svg>
        </button>
        <button
          class="chakra-button css-1ghm5ba"
          disabled=""
          type="button"
        >
          <svg
            fill="none"
            height="16"
            stroke="currentColor"
            stroke-linecap="round"
            stroke-linejoin="round"
            stroke-width="2.5"
            style="opacity: 0.25;"
            viewBox="0 0 24 24"
            width="16"
          >
            <polyline
              points="9 18 15 12 9 6"
            />
          </svg>
        </button>
      </div>
      <div
        class="chakra-input__group css-14z5zmz"
        data-group="true"
      >
        <div
          class="chakra-input__left-element css-dpqzh1"
        >
          <svg
            fill="none"
            height="14"
            stroke="currentColor"
            stroke-linecap="round"
            stroke-linejoin="round"
            stroke-width="2.5"
            viewBox="0 0 24 24"
            width="14"
          >
            <circle
              cx="11"
              cy="11"
              r="8"
            />
            <line
              x1="21"
              x2="16.65"
              y1="21"
              y2="16.65"
            />
          </svg>
        </div>
        <input
          class="chakra-input css-17txpn2"
          placeholder="Search"
          value=""
        />
      </div>
      <div
        class="css-152hmak"
      >
        <span
          class="chakra-avatar css-1ruhx4w"
        >
          <div
            aria-label="Amit Raikwar"
            class="chakra-avatar__initials css-0"
            role="img"
          >
            AR
          </div>
        </span>
        <div
          class="chakra-stack css-mw8ufx"
        >
          <p
            class="chakra-text css-m753kg"
          >
            Amit Raikwar
          </p>
          <p
            class="chakra-text css-123m7qe"
          >
            Apple Account
          </p>
        </div>
      </div>
      <div
        class="css-172czcx"
      >
        <div
          class="css-1jkitml"
        >
          <div
            style="width: 26px; height: 26px; border-radius: 6px; background-color: rgb(0, 122, 255); display: flex; align-items: center; justify-content: center; color: white; flex-shrink: 0;"
          >
            <svg
              fill="none"
              height="16"
              stroke="currentColor"
              stroke-linecap="round"
              stroke-linejoin="round"
              stroke-width="2.5"
              viewBox="0 0 24 24"
              width="16"
            >
              <path
                d="M12 20h.01"
              />
              <path
                d="M8.5 16.5a5 5 0 0 1 7 0"
              />
              <path
                d="M5 13a10 10 0 0 1 14 0"
              />
              <path
                d="M1.5 9.5a15 15 0 0 1 21 0"
              />
            </svg>
          </div>
          <p
            class="chakra-text css-1pfl58n"
          >
            Wi-Fi
          </p>
        </div>
        <div
          class="css-1jkitml"
        >
          <div
            style="width: 26px; height: 26px; border-radius: 6px; background-color: rgb(10, 132, 255); display: flex; align-items: center; justify-content: center; color: white; flex-shrink: 0;"
          >
            <svg
              fill="none"
              height="16"
              stroke="currentColor"
              stroke-linecap="round"
              stroke-linejoin="round"
              stroke-width="2.5"
              viewBox="0 0 24 24"
              width="16"
            >
              <path
                d="m7 7 10 10-5 5V2l5 5L7 17"
              />
            </svg>
          </div>
          <p
            class="chakra-text css-1pfl58n"
          >
            Bluetooth
          </p>
        </div>
        <div
          class="css-1jkitml"
        >
          <div
            style="width: 26px; height: 26px; border-radius: 6px; background-color: rgb(0, 162, 122); display: flex; align-items: center; justify-content: center; color: white; flex-shrink: 0;"
          >
            <svg
              fill="none"
              height="16"
              stroke="currentColor"
              stroke-linecap="round"
              stroke-linejoin="round"
              stroke-width="2"
              viewBox="0 0 24 24"
              width="16"
            >
              <circle
                cx="12"
                cy="12"
                r="10"
              />
              <line
                x1="2"
                x2="22"
                y1="12"
                y2="12"
              />
              <path
                d="M12 2a15.3 15.3 0 0 1 4 10 15.3 15.3 0 0 1-4 10 15.3 15.3 0 0 1-4-10 15.3 15.3 0 0 1 4-10z"
              />
            </svg>
          </div>
          <p
            class="chakra-text css-1pfl58n"
          >
            Network
          </p>
        </div>
        <div
          class="css-1jkitml"
        >
          <div
            style="width: 26px; height: 26px; border-radius: 6px; background-color: rgb(52, 199, 89); display: flex; align-items: center; justify-content: center; color: white; flex-shrink: 0;"
          >
            <svg
              fill="none"
              height="16"
              stroke="currentColor"
              stroke-linecap="round"
              stroke-linejoin="round"
              stroke-width="2.5"
              viewBox="0 0 24 24"
              width="16"
            >
              <rect
                height="10"
                rx="2"
                ry="2"
                width="16"
                x="2"
                y="7"
              />
              <line
                x1="22"
                x2="22"
                y1="11"
                y2="13"
              />
            </svg>
          </div>
          <p
            class="chakra-text css-1pfl58n"
          >
            Battery
          </p>
        </div>
        <hr
          aria-orientation="horizontal"
          class="chakra-divider css-1np39b7"
        />
        <div
          class="css-1m53pqh"
        >
          <div
            style="width: 26px; height: 26px; border-radius: 6px; background-color: rgb(142, 142, 147); display: flex; align-items: center; justify-content: center; color: white; flex-shrink: 0;"
          >
            <svg
              fill="none"
              height="16"
              stroke="currentColor"
              stroke-linecap="round"
              stroke-linejoin="round"
              stroke-width="2.2"
              viewBox="0 0 24 24"
              width="16"
            >
              <circle
                cx="12"
                cy="12"
                r="3"
              />
              <path
                d="M19.4 15a1.65 1.65 0 0 0 .33 1.82l.06.06a2 2 0 1 1-2.83 2.83l-.06-.06a1.65 1.65 0 0 0-1.82-.33 1.65 1.65 0 0 0-1 1.51V21a2 2 0 0 1-4 0v-.09A1.65 1.65 0 0 0 9 19.4a1.65 1.65 0 0 0-1.82.33l-.06.06a2 2 0 1 1-2.83-2.83l.06-.06a1.65 1.65 0 0 0 .33-1.82 1.65 1.65 0 0 0-1.51-1H3a2 2 0 0 1 0-4h.09A1.65 1.65 0 0 0 4.6 9a1.65 1.65 0 0 0-.33-1.82l-.06-.06a2 2 0 1 1 2.83-2.83l.06.06a1.65 1.65 0 0 0 1.82.33H9a1.65 1.65 0 0 0 1-1.51V3a2 2 0 0 1 4 0v.09a1.65 1.65 0 0 0 1 1.51 1.65 1.65 0 0 0 1.82-.33l.06-.06a2 2 0 1 1 2.83 2.83l-.06.06a1.65 1.65 0 0 0-.33 1.82V9a1.65 1.65 0 0 0 1.51 1H21a2 2 0 0 1 0 4h-.09a1.65 1.65 0 0 0-1.51 1z"
              />
            </svg>
          </div>
          <p
            class="chakra-text css-xjcwtr"
          >
            General
          </p>
        </div>
        <div
          class="css-1jkitml"
        >
          <div
            style="width: 26px; height: 26px; border-radius: 6px; background-color: rgb(52, 199, 89); display: flex; align-items: center; justify-content: center; color: white; flex-shrink: 0;"
          >
            <svg
              fill="none"
              height="16"
              stroke="currentColor"
              stroke-width="2.2"
              viewBox="0 0 24 24"
              width="16"
            >
              <circle
                cx="12"
                cy="12"
                r="10"
              />
              <path
                d="M12 2v20M12 2a10 10 0 0 0 0 20Z"
                fill="currentColor"
                fill-opacity="0.4"
              />
            </svg>
          </div>
          <p
            class="chakra-text css-1pfl58n"
          >
            Appearance
          </p>
        </div>
        <div
          class="css-1jkitml"
        >
          <div
            style="width: 26px; height: 26px; border-radius: 6px; background-color: rgb(0, 122, 255); display: flex; align-items: center; justify-content: center; color: white; flex-shrink: 0;"
          >
            <svg
              fill="none"
              height="16"
              stroke="currentColor"
              stroke-linecap="round"
              stroke-width="2.2"
              viewBox="0 0 24 24"
              width="16"
            >
              <circle
                cx="12"
                cy="6"
                r="2"
              />
              <path
                d="M6 12h12M12 8v13M9 21h6"
              />
            </svg>
          </div>
          <p
            class="chakra-text css-1pfl58n"
          >
            Accessibility
          </p>
        </div>
        <div
          class="css-1jkitml"
        >
          <div
            style="width: 26px; height: 26px; border-radius: 6px; background-color: rgb(88, 86, 214); display: flex; align-items: center; justify-content: center; color: white; flex-shrink: 0;"
          >
            <svg
              fill="none"
              height="16"
              stroke="currentColor"
              stroke-linecap="round"
              stroke-linejoin="round"
              stroke-width="2"
              viewBox="0 0 24 24"
              width="16"
            >
              <path
                d="M12 2a3 3 0 0 0-3 3v7a3 3 0 0 0 6 0V5a3 3 0 0 0-3-3Z"
              />
              <path
                d="M19 10v1a7 7 0 0 1-14 0v-1M12 19v4M8 23h8"
              />
            </svg>
          </div>
          <p
            class="chakra-text css-1pfl58n"
          >
            Apple Intelligence & Siri
          </p>
        </div>
        <div
          class="css-1jkitml"
        >
          <div
            style="width: 26px; height: 26px; border-radius: 6px; background-color: rgb(159, 0, 162); display: flex; align-items: center; justify-content: center; color: white; flex-shrink: 0;"
          >
            <svg
              fill="none"
              height="16"
              stroke="currentColor"
              stroke-linecap="round"
              stroke-linejoin="round"
              stroke-width="2"
              viewBox="0 0 24 24"
              width="16"
            >
              <rect
                height="14"
                rx="2"
                ry="2"
                width="20"
                x="2"
                y="3"
              />
              <line
                x1="8"
                x2="16"
                y1="21"
                y2="21"
              />
              <line
                x1="12"
                x2="12"
                y1="17"
                y2="21"
              />
              <line
                stroke-dasharray="3 3"
                x1="5"
                x2="19"
                y1="13"
                y2="13"
              />
            </svg>
          </div>
          <p
            class="chakra-text css-1pfl58n"
          >
            Desktop & Dock
          </p>
        </div>
        <div
          class="css-1jkitml"
        >
          <div
            style="width: 26px; height: 26px; border-radius: 6px; background-color: rgb(0, 162, 255); display: flex; align-items: center; justify-content: center; color: white; flex-shrink: 0;"
          >
            <svg
              fill="none"
              height="16"
              stroke="currentColor"
              stroke-linecap="round"
              stroke-width="2.2"
              viewBox="0 0 24 24"
              width="16"
            >
              <circle
                cx="12"
                cy="12"
                r="4"
              />
              <path
                d="M12 2v2M12 20v2M4.93 4.93l1.41 1.41M17.66 17.66l1.41 1.41M2 12h2M20 12h2M6.34 17.66l-1.41 1.41M19.07 4.93l-1.41 1.41"
              />
            </svg>
          </div>
          <p
            class="chakra-text css-1pfl58n"
          >
            Displays
          </p>
        </div>
        <div
          class="css-1jkitml"
        >
          <div
            style="width: 26px; height: 26px; border-radius: 6px; background-color: rgb(48, 176, 199); display: flex; align-items: center; justify-content: center; color: white; flex-shrink: 0;"
          >
            <svg
              fill="none"
              height="16"
              stroke="currentColor"
              stroke-linecap="round"
              stroke-linejoin="round"
              stroke-width="2"
              viewBox="0 0 24 24"
              width="16"
            >
              <rect
                height="18"
                rx="2"
                ry="2"
                width="18"
                x="3"
                y="3"
              />
              <circle
                cx="9"
                cy="9"
                r="2"
              />
              <path
                d="m21 15-3.086-3.086a2 2 0 0 0-2.828 0L6 21"
              />
            </svg>
          </div>
          <p
            class="chakra-text css-1pfl58n"
          >
            Wallpaper
          </p>
        </div>
        <hr
          aria-orientation="horizontal"
          class="chakra-divider css-1np39b7"
        />
        <div
          class="css-1jkitml"
        >
          <div
            style="width: 26px; height: 26px; border-radius: 6px; background-color: rgb(255, 59, 48); display: flex; align-items: center; justify-content: center; color: white; flex-shrink: 0;"
          >
            <svg
              fill="none"
              height="16"
              stroke="currentColor"
              stroke-linecap="round"
              stroke-linejoin="round"
              stroke-width="2.5"
              viewBox="0 0 24 24"
              width="16"
            >
              <path
                d="M6 8a6 6 0 0 1 12 0c0 7 3 9 3 9H3s3-2 3-9"
              />
              <path
                d="M10.3 21a1.94 1.94 0 0 0 3.4 0"
              />
            </svg>
          </div>
          <p
            class="chakra-text css-1pfl58n"
          >
            Notifications
          </p>
        </div>
        <div
          class="css-1jkitml"
        >
          <div
            style="width: 26px; height: 26px; border-radius: 6px; background-color: rgb(255, 45, 85); display: flex; align-items: center; justify-content: center; color: white; flex-shrink: 0;"
          >
            <svg
              fill="none"
              height="16"
              stroke="currentColor"
              stroke-linecap="round"
              stroke-linejoin="round"
              stroke-width="2.2"
              viewBox="0 0 24 24"
              width="16"
            >
              <polygon
                points="11 5 6 9 2 9 2 15 6 15 11 19 11 5"
              />
              <path
                d="M15.54 8.46a5 5 0 0 1 0 7.07M19.07 4.93a10 10 0 0 1 0 14.14"
              />
            </svg>
          </div>
          <p
            class="chakra-text css-1pfl58n"
          >
            Sound
          </p>
        </div>
        <div
          class="css-1jkitml"
        >
          <div
            style="width: 26px; height: 26px; border-radius: 6px; background-color: rgb(94, 92, 230); display: flex; align-items: center; justify-content: center; color: white; flex-shrink: 0;"
          >
            <svg
              fill="none"
              height="16"
              stroke="currentColor"
              stroke-linecap="round"
              stroke-linejoin="round"
              stroke-width="2.5"
              viewBox="0 0 24 24"
              width="16"
            >
              <path
                d="M12 3a6 6 0 0 0 9 9 9 9 0 1 1-9-9Z"
              />
            </svg>
          </div>
          <p
            class="chakra-text css-1pfl58n"
          >
            Focus
          </p>
        </div>
        <div
          class="css-1jkitml"
        >
          <div
            style="width: 26px; height: 26px; border-radius: 6px; background-color: rgb(175, 82, 222); display: flex; align-items: center; justify-content: center; color: white; flex-shrink: 0;"
          >
            <svg
              fill="none"
              height="16"
              stroke="currentColor"
              stroke-linecap="round"
              stroke-linejoin="round"
              stroke-width="2.5"
              viewBox="0 0 24 24"
              width="16"
            >
              <path
                d="M5 2h14"
              />
              <path
                d="M5 22h14"
              />
              <path
                d="M19 2v4c0 3-2 5-5 7v0c3 2 5 4 5 7v4"
              />
              <path
                d="M5 2v4c0 3 2 5 5 7v0c-3 2-5 4-5 7v4"
              />
            </svg>
          </div>
          <p
            class="chakra-text css-1pfl58n"
          >
            Screen Time
          </p>
        </div>
        <hr
          aria-orientation="horizontal"
          class="chakra-divider css-1np39b7"
        />
        <div
          class="css-1jkitml"
        >
          <div
            style="width: 26px; height: 26px; border-radius: 6px; background-color: rgb(85, 85, 88); display: flex; align-items: center; justify-content: center; color: white; flex-shrink: 0;"
          >
            <svg
              fill="none"
              height="16"
              stroke="currentColor"
              stroke-linecap="round"
              stroke-linejoin="round"
              stroke-width="2.5"
              viewBox="0 0 24 24"
              width="16"
            >
              <rect
                height="11"
                rx="2"
                ry="2"
                width="18"
                x="3"
                y="11"
              />
              <path
                d="M7 11V7a5 5 0 0 1 10 0v4"
              />
            </svg>
          </div>
          <p
            class="chakra-text css-1pfl58n"
          >
            Lock Screen
          </p>
        </div>
        <div
          class="css-1jkitml"
        >
          <div
            style="width: 26px; height: 26px; border-radius: 6px; background-color: rgb(10, 132, 255); display: flex; align-items: center; justify-content: center; color: white; flex-shrink: 0;"
          >
            <svg
              fill="none"
              height="15"
              stroke="currentColor"
              stroke-linecap="round"
              stroke-linejoin="round"
              stroke-width="2.5"
              viewBox="0 0 24 24"
              width="15"
            >
              <path
                d="M18 11V6a2 2 0 0 0-2-2v0a2 2 0 0 0-2 2v5"
              />
              <path
                d="M14 10V4a2 2 0 0 0-2-2v0a2 2 0 0 0-2 2v6"
              />
              <path
                d="M10 10.5V6a2 2 0 0 0-2-2v0a2 2 0 0 0-2 2v8.5"
              />
              <path
                d="M8 15.5V10a2 2 0 0 0-2-2v0a2 2 0 0 0-2 2v5.5C4 19.8 7.2 22 10.5 22h3c2.7 0 4.5-2.2 4.5-4.5V11"
              />
            </svg>
          </div>
          <p
            class="chakra-text css-1pfl58n"
          >
            Privacy & Security
          </p>
        </div>
        <div
          class="css-1jkitml"
        >
          <div
            style="width: 26px; height: 26px; border-radius: 6px; background-color: rgb(255, 45, 85); display: flex; align-items: center; justify-content: center; color: white; flex-shrink: 0;"
          >
            <svg
              fill="none"
              height="16"
              stroke="currentColor"
              stroke-linecap="round"
              stroke-linejoin="round"
              stroke-width="2.5"
              viewBox="0 0 24 24"
              width="16"
            >
              <path
                d="M12 10a2 2 0 0 0-2 2c0 1 .2 1.5.5 2"
              />
              <path
                d="M14 14a4 4 0 0 0-4-4c-2.4 0-4 2-4 4.5V17"
              />
              <path
                d="M8 12a6 6 0 0 1 8-3c.7.3 1.3.8 1.7 1.3"
              />
              <path
                d="M18 15.5c0-4-3.1-7.5-8-7.5C6 8 4 10.6 4 14.5V19"
              />
              <path
                d="M20 18.5c0-6-4.5-9.5-10-9.5C5.2 9 2 12.3 2 17.5v2"
              />
            </svg>
          </div>
          <p
            class="chakra-text css-1pfl58n"
          >
            Touch ID & Password
          </p>
        </div>
        <div
          class="css-1jkitml"
        >
          <div
            style="width: 26px; height: 26px; border-radius: 6px; background-color: rgb(120, 120, 128); display: flex; align-items: center; justify-content: center; color: white; flex-shrink: 0;"
          >
            <svg
              fill="none"
              height="16"
              stroke="currentColor"
              stroke-linecap="round"
              stroke-linejoin="round"
              stroke-width="2.2"
              viewBox="0 0 24 24"
              width="16"
            >
              <path
                d="M16 21v-2a4 4 0 0 0-4-4H6a4 4 0 0 0-4 4v2"
              />
              <circle
                cx="9"
                cy="7"
                r="4"
              />
              <path
                d="M22 21v-2a4 4 0 0 0-3-3.87"
              />
              <path
                d="M16 3.13a4 4 0 0 1 0 7.75"
              />
            </svg>
          </div>
          <p
            class="chakra-text css-1pfl58n"
          >
            Users & Groups
          </p>
        </div>
        <hr
          aria-orientation="horizontal"
          class="chakra-divider css-1np39b7"
        />
        <div
          class="css-1jkitml"
        >
          <div
            style="width: 26px; height: 26px; border-radius: 6px; background-color: rgb(0, 122, 255); display: flex; align-items: center; justify-content: center; color: white; flex-shrink: 0;"
          >
            <svg
              fill="none"
              height="16"
              stroke="currentColor"
              stroke-linecap="round"
              stroke-linejoin="round"
              stroke-width="2.5"
              viewBox="0 0 24 24"
              width="16"
            >
              <circle
                cx="12"
                cy="12"
                r="4"
              />
              <path
                d="M16 8v5a3 3 0 0 0 6 0v-1a10 10 0 1 0-4 8"
              />
            </svg>
          </div>
          <p
            class="chakra-text css-1pfl58n"
          >
            Internet Accounts
          </p>
        </div>
        <div
          class="css-1jkitml"
        >
          <div
            style="width: 26px; height: 26px; border-radius: 6px; background-color: rgb(44, 44, 46); display: flex; align-items: center; justify-content: center; color: white; flex-shrink: 0;"
          >
            <svg
              fill="none"
              height="16"
              stroke="currentColor"
              stroke-linecap="round"
              stroke-linejoin="round"
              stroke-width="2"
              viewBox="0 0 24 24"
              width="16"
            >
              <circle
                cx="12"
                cy="8"
                r="3.5"
                stroke="#FF2D55"
                stroke-width="2.2"
              />
              <circle
                cx="8.5"
                cy="13"
                r="3.5"
                stroke="#007AFF"
                stroke-width="2.2"
              />
              <circle
                cx="15.5"
                cy="13"
                r="3.5"
                stroke="#34C759"
                stroke-width="2.2"
              />
            </svg>
          </div>
          <p
            class="chakra-text css-1pfl58n"
          >
            Game Center
          </p>
        </div>
        <div
          class="css-1jkitml"
        >
          <div
            style="width: 26px; height: 26px; border-radius: 6px; background-color: rgb(10, 132, 255); display: flex; align-items: center; justify-content: center; color: white; flex-shrink: 0;"
          >
            <svg
              fill="none"
              height="16"
              stroke="currentColor"
              stroke-linecap="round"
              stroke-linejoin="round"
              stroke-width="2.5"
              viewBox="0 0 24 24"
              width="16"
            >
              <path
                d="M17.5 19A3.5 3.5 0 0 0 13 13.4a6 6 0 1 0-8.2 4.7"
              />
            </svg>
          </div>
          <p
            class="chakra-text css-1pfl58n"
          >
            iCloud
          </p>
        </div>
        <div
          class="css-1jkitml"
        >
          <div
            style="width: 26px; height: 26px; border-radius: 6px; background-color: rgb(255, 149, 0); display: flex; align-items: center; justify-content: center; color: white; flex-shrink: 0;"
          >
            <svg
              fill="none"
              height="16"
              stroke="currentColor"
              stroke-linecap="round"
              stroke-linejoin="round"
              stroke-width="2.2"
              viewBox="0 0 24 24"
              width="16"
            >
              <rect
                height="14"
                rx="2"
                ry="2"
                width="20"
                x="2"
                y="5"
              />
              <line
                x1="2"
                x2="22"
                y1="10"
                y2="10"
              />
            </svg>
          </div>
          <p
            class="chakra-text css-1pfl58n"
          >
            Wallet & Apple Pay
          </p>
        </div>
      </div>
    </div>
    <div
      class="css-1t3mfrw"
    >
      <div
        class="chakra-stack css-i5rtkl"
      >
        <h2
          class="chakra-heading css-0"
        >
          General
        </h2>
        <div
          class="chakra-stack css-1vt8fln"
        >
          <div
            class="css-1xwp9qo"
          >
            <div
              class="chakra-stack css-12cfr4k"
            >
              <svg
                fill="none"
                height="16"
                stroke="currentColor"
                stroke-linecap="round"
                stroke-linejoin="round"
                stroke-width="2"
                viewBox="0 0 24 24"
                width="16"
              >
                <circle
                  cx="12"
                  cy="12"
                  r="10"
                />
                <line
                  x1="12"
                  x2="12"
                  y1="16"
                  y2="12"
                />
                <line
                  x1="12"
                  x2="12.01"
                  y1="8"
                  y2="8"
                />
              </svg>
              <p
                class="chakra-text css-1lj023j"
              >
                About
              </p>
            </div>
            <svg
              fill="none"
              height="12"
              stroke="currentColor"
              stroke-linecap="round"
              stroke-linejoin="round"
              stroke-width="3"
              style="opacity: 0.3;"
              viewBox="0 0 24 24"
              width="12"
            >
              <polyline
                points="9 18 15 12 9 6"
              />
            </svg>
          </div>
          <hr
            aria-orientation="horizontal"
            class="chakra-divider css-rppkue"
          />
          <div
            class="css-1xwp9qo"
          >
            <div
              class="chakra-stack css-12cfr4k"
            >
              <svg
                fill="none"
                height="16"
                stroke="currentColor"
                stroke-linecap="round"
                stroke-linejoin="round"
                stroke-width="2"
                viewBox="0 0 24 24"
                width="16"
              >
                <path
                  d="M21.5 2v6h-6M21.34 15.57a10 10 0 1 1-.57-8.38l5.67-5.67"
                />
              </svg>
              <p
                class="chakra-text css-1lj023j"
              >
                Software Update
              </p>
            </div>
            <svg
              fill="none"
              height="12"
              stroke="currentColor"
              stroke-linecap="round"
              stroke-linejoin="round"
              stroke-width="3"
              style="opacity: 0.3;"
              viewBox="0 0 24 24"
              width="12"
            >
              <polyline
                points="9 18 15 12 9 6"
              />
            </svg>
          </div>
          <hr
            aria-orientation="horizontal"
            class="chakra-divider css-rppkue"
          />
          <div
            class="css-1xwp9qo"
          >
            <div
              class="chakra-stack css-12cfr4k"
            >
              <svg
                fill="none"
                height="16"
                stroke="currentColor"
                stroke-linecap="round"
                stroke-linejoin="round"
                stroke-width="2"
                viewBox="0 0 24 24"
                width="16"
              >
                <line
                  x1="22"
                  x2="2"
                  y1="12"
                  y2="12"
                />
                <path
                  d="M5.45 5.11 2 12v6a2 2 0 0 0 2 2h16a2 2 0 0 0 2-2v-6l-3.45-6.89A2 2 0 0 0 16.76 4H7.24a2 2 0 0 0-1.79 1.11z"
                />
                <line
                  x1="6"
                  x2="6.01"
                  y1="16"
                  y2="16"
                />
                <line
                  x1="10"
                  x2="10.01"
                  y1="16"
                  y2="16"
                />
              </svg>
              <p
                class="chakra-text css-1lj023j"
              >
                Storage
              </p>
            </div>
            <svg
              fill="none"
              height="12"
              stroke="currentColor"
              stroke-linecap="round"
              stroke-linejoin="round"
              stroke-width="3"
              style="opacity: 0.3;"
              viewBox="0 0 24 24"
              width="12"
            >
              <polyline
                points="9 18 15 12 9 6"
              />
            </svg>
          </div>
          <hr
            aria-orientation="horizontal"
            class="chakra-divider css-rppkue"
          />
          <div
            class="css-1xwp9qo"
          >
            <div
              class="chakra-stack css-12cfr4k"
            >
              <svg
                fill="currentColor"
                height="16"
                style="color: rgb(255, 59, 48);"
                viewBox="0 0 24 24"
                width="16"
              >
                <path
                  d="M18.71 19.5c-.83 1.24-1.71 2.45-3.09 2.48-1.37.03-1.81-.8-3.38-.8-1.56 0-2.05.77-3.35.82-1.33.05-2.32-1.32-3.16-2.53C4 16.37 2 10.93 3.97 7.5c.98-1.7 2.73-2.77 4.63-2.8 1.44-.02 2.8.98 3.68.98.88 0 2.5-1.2 4.22-1.02.72.03 2.75.29 4.05 2.2-1.05.63-1.77 1.77-1.75 3.12.03 1.63 1.34 2.4 1.37 2.41-.02.04-.47 1.62-1.55 3.21zM15.97 1c0 2.1-1.72 3.8-3.83 3.8-.03 0-.06 0-.08-.01.07-2.06 1.83-3.76 3.91-3.79z"
                />
              </svg>
              <p
                class="chakra-text css-1lj023j"
              >
                AppleCare & Warranty
              </p>
            </div>
            <svg
              fill="none"
              height="12"
              stroke="currentColor"
              stroke-linecap="round"
              stroke-linejoin="round"
              stroke-width="3"
              style="opacity: 0.3;"
              viewBox="0 0 24 24"
              width="12"
            >
              <polyline
                points="9 18 15 12 9 6"
              />
            </svg>
          </div>
          <hr
            aria-orientation="horizontal"
            class="chakra-divider css-rppkue"
          />
          <div
            class="css-1xwp9qo"
          >
            <div
              class="chakra-stack css-12cfr4k"
            >
              <svg
                fill="none"
                height="16"
                stroke="currentColor"
                stroke-linecap="round"
                stroke-linejoin="round"
                stroke-width="2"
                viewBox="0 0 24 24"
                width="16"
              >
                <path
                  d="M5 17H4a2 2 0 0 1-2-2V5a2 2 0 0 1 2-2h16a2 2 0 0 1 2 2v10a2 2 0 0 1-2 2h-1"
                />
                <polygon
                  points="12 11 17 21 7 21 12 11"
                />
              </svg>
              <p
                class="chakra-text css-1lj023j"
              >
                AirDrop & Continuity
              </p>
            </div>
            <svg
              fill="none"
              height="12"
              stroke="currentColor"
              stroke-linecap="round"
              stroke-linejoin="round"
              stroke-width="3"
              style="opacity: 0.3;"
              viewBox="0 0 24 24"
              width="12"
            >
              <polyline
                points="9 18 15 12 9 6"
              />
            </svg>
          </div>
          <hr
            aria-orientation="horizontal"
            class="chakra-divider css-rppkue"
          />
          <div
            class="css-1xwp9qo"
          >
            <div
              class="chakra-stack css-12cfr4k"
            >
              <svg
                fill="none"
                height="16"
                stroke="currentColor"
                stroke-linecap="round"
                stroke-linejoin="round"
                stroke-width="2"
                viewBox="0 0 24 24"
                width="16"
              >
                <rect
                  height="11"
                  rx="2"
                  ry="2"
                  width="18"
                  x="3"
                  y="11"
                />
                <path
                  d="M7 11V7a5 5 0 0 1 10 0v4"
                />
              </svg>
              <p
                class="chakra-text css-1lj023j"
              >
                AutoFill & Passwords
              </p>
            </div>
            <svg
              fill="none"
              height="12"
              stroke="currentColor"
              stroke-linecap="round"
              stroke-linejoin="round"
              stroke-width="3"
              style="opacity: 0.3;"
              viewBox="0 0 24 24"
              width="12"
            >
              <polyline
                points="9 18 15 12 9 6"
              />
            </svg>
          </div>
          <hr
            aria-orientation="horizontal"
            class="chakra-divider css-rppkue"
          />
          <div
            class="css-1xwp9qo"
          >
            <div
              class="chakra-stack css-12cfr4k"
            >
              <svg
                fill="none"
                height="16"
                stroke="currentColor"
                stroke-linecap="round"
                stroke-linejoin="round"
                stroke-width="2"
                viewBox="0 0 24 24"
                width="16"
              >
                <circle
                  cx="12"
                  cy="12"
                  r="10"
                />
                <polyline
                  points="12 6 12 12 16 14"
                />
              </svg>
              <p
                class="chakra-text css-1lj023j"
              >
                Date & Time
              </p>
            </div>
            <svg
              fill="none"
              height="12"
              stroke="currentColor"
              stroke-linecap="round"
              stroke-linejoin="round"
              stroke-width="3"
              style="opacity: 0.3;"
              viewBox="0 0 24 24"
              width="12"
            >
              <polyline
                points="9 18 15 12 9 6"
              />
            </svg>
          </div>
          <hr
            aria-orientation="horizontal"
            class="chakra-divider css-rppkue"
          />
          <div
            class="css-1xwp9qo"
          >
            <div
              class="chakra-stack css-12cfr4k"
            >
              <svg
                fill="none"
                height="16"
                stroke="currentColor"
                stroke-linecap="round"
                stroke-linejoin="round"
                stroke-width="2"
                viewBox="0 0 24 24"
                width="16"
              >
                <circle
                  cx="12"
                  cy="12"
                  r="10"
                />
                <line
                  x1="2"
                  x2="22"
                  y1="12"
                  y2="12"
                />
                <path
                  d="M12 2a15.3 15.3 0 0 1 4 10 15.3 15.3 0 0 1-4 10 15.3 15.3 0 0 1-4-10 15.3 15.3 0 0 1 4-10z"
                />
              </svg>
              <p
                class="chakra-text css-1lj023j"
              >
                Language & Region
              </p>
            </div>
            <svg
              fill="none"
              height="12"
              stroke="currentColor"
              stroke-linecap="round"
              stroke-linejoin="round"
              stroke-width="3"
              style="opacity: 0.3;"
              viewBox="0 0 24 24"
              width="12"
            >
              <polyline
                points="9 18 15 12 9 6"
              />
            </svg>
          </div>
          <hr
            aria-orientation="horizontal"
            class="chakra-divider css-rppkue"
          />
          <div
            class="css-1xwp9qo"
          >
            <div
              class="chakra-stack css-12cfr4k"
            >
              <svg
                fill="none"
                height="16"
                stroke="currentColor"
                stroke-linecap="round"
                stroke-linejoin="round"
                stroke-width="2"
                viewBox="0 0 24 24"
                width="16"
              >
                <polyline
                  points="9 11 12 14 22 4"
                />
                <path
                  d="M21 12v7a2 2 0 0 1-2 2H5a2 2 0 0 1-2-2V5a2 2 0 0 1 2-2h11"
                />
              </svg>
              <p
                class="chakra-text css-1lj023j"
              >
                Login Items & Extensions
              </p>
            </div>
            <svg
              fill="none"
              height="12"
              stroke="currentColor"
              stroke-linecap="round"
              stroke-linejoin="round"
              stroke-width="3"
              style="opacity: 0.3;"
              viewBox="0 0 24 24"
              width="12"
            >
              <polyline
                points="9 18 15 12 9 6"
              />
            </svg>
          </div>
          <hr
            aria-orientation="horizontal"
            class="chakra-divider css-rppkue"
          />
          <div
            class="css-1xwp9qo"
          >
            <div
              class="chakra-stack css-12cfr4k"
            >
              <svg
                fill="none"
                height="16"
                stroke="currentColor"
                stroke-linecap="round"
                stroke-linejoin="round"
                stroke-width="2"
                viewBox="0 0 24 24"
                width="16"
              >
                <path
                  d="M4 12v8a2 2 0 0 0 2 2h12a2 2 0 0 0 2-2v-8"
                />
                <polyline
                  points="16 6 12 2 8 6"
                />
                <line
                  x1="12"
                  x2="12"
                  y1="2"
                  y2="15"
                />
              </svg>
              <p
                class="chakra-text css-1lj023j"
              >
                Sharing
              </p>
            </div>
            <svg
              fill="none"
              height="12"
              stroke="currentColor"
              stroke-linecap="round"
              stroke-linejoin="round"
              stroke-width="3"
              style="opacity: 0.3;"
              viewBox="0 0 24 24"
              width="12"
            >
              <polyline
                points="9 18 15 12 9 6"
              />
            </svg>
          </div>
        </div>
      </div>
    </div>
  </div>
</div>
`;
