// Jest Snapshot v1, https://goo.gl/fbAQLP

exports[`BottomBar should render correctly bin app to match snapshot 1`] = `
{
  "position": {
    "x": 600,
    "y": 150,
  },
  "size": "default",
}
`;

exports[`BottomBar should render correctly chrome app to match snapshot 1`] = `
{
  "position": {
    "x": 600,
    "y": 150,
  },
  "size": "default",
}
`;

exports[`BottomBar should render correctly finder app to match snapshot 1`] = `
{
  "position": {
    "x": 600,
    "y": 150,
  },
  "size": "default",
}
`;

exports[`BottomBar should render correctly github app to match snapshot 1`] = `
{
  "position": {
    "x": 600,
    "y": 150,
  },
  "size": "default",
}
`;

exports[`BottomBar should render correctly settings app to match snapshot 1`] = `
{
  "position": {
    "x": 600,
    "y": 150,
  },
  "size": "default",
}
`;

exports[`BottomBar should render correctly spotify app to match snapshot 1`] = `
{
  "position": {
    "x": 600,
    "y": 150,
  },
  "size": "default",
}
`;

exports[`BottomBar should render correctly terminal app to match snapshot 1`] = `
{
  "position": {
    "x": 600,
    "y": 150,
  },
  "size": "default",
}
`;

exports[`BottomBar should render correctly to match snapshot 1`] = `
<div>
  <div
    aria-label="bottom-bar"
    class="css-9xph1p"
  >
    <div
      data-testid="drag-drop-context"
    >
      <div
        class="css-1l6f575"
      >
        <div
          aria-label="program-button-launchPad"
          class="css-16co9uo"
        >
          <img
            alt="Launchpad"
            class="chakra-image css-h67rfo"
            loading="lazy"
            src="[object Object]"
          />
        </div>
        <div
          aria-label="program-button-finder"
          class="css-16co9uo"
        >
          <img
            alt="Finder"
            class="chakra-image css-h67rfo"
            loading="lazy"
            src="[object Object]"
          />
        </div>
        <div
          aria-label="program-button-notes"
          class="css-16co9uo"
        >
          <img
            alt="Notes"
            class="chakra-image css-h67rfo"
            loading="lazy"
            src="[object Object]"
          />
        </div>
        <div
          aria-label="program-button-chrome"
          class="css-16co9uo"
        >
          <img
            alt="Chrome"
            class="chakra-image css-h67rfo"
            loading="lazy"
            src="[object Object]"
          />
        </div>
        <div
          aria-label="program-button-vscode"
          class="css-16co9uo"
        >
          <img
            alt="VsCode"
            class="chakra-image css-h67rfo"
            loading="lazy"
            src="[object Object]"
          />
        </div>
        <div
          aria-label="program-button-terminal"
          class="css-16co9uo"
        >
          <img
            alt="Terminal"
            class="chakra-image css-h67rfo"
            loading="lazy"
            src="[object Object]"
          />
        </div>
        <div
          aria-label="program-button-spotify"
          class="css-16co9uo"
        >
          <img
            alt="Spotify"
            class="chakra-image css-h67rfo"
            loading="lazy"
            src="[object Object]"
          />
        </div>
        <div
          aria-label="program-button-github"
          class="css-16co9uo"
        >
          <img
            alt="Github"
            class="chakra-image css-h67rfo"
            loading="lazy"
            src="[object Object]"
          />
        </div>
        <div
          aria-label="program-button-settings"
          class="css-16co9uo"
        >
          <img
            alt="Settings"
            class="chakra-image css-h67rfo"
            loading="lazy"
            src="[object Object]"
          />
        </div>
        <div
          data-testid="placeholder"
        />
        <hr
          aria-orientation="vertical"
          class="chakra-divider css-kkwhzg"
        />
        <div
          aria-label="program-button-Bin"
          class="css-16co9uo"
        >
          <img
            alt="Bin"
            class="chakra-image css-h67rfo"
            loading="lazy"
            src="[object Object]"
          />
        </div>
      </div>
    </div>
  </div>
</div>
`;

exports[`BottomBar should render correctly vscode app to match snapshot 1`] = `
{
  "position": {
    "x": 600,
    "y": 150,
  },
  "size": "default",
}
`;

exports[`BottomBar should render correctly with props to match snapshot 1`] = `
{
  "position": {
    "x": 600,
    "y": 150,
  },
  "size": "default",
}
`;
